// Jest Snapshot v1, https://jestjs.io/docs/snapshot-testing

exports[`The cdk-playground infrastructure definition matches the snapshot for Lambda 1`] = `
{
  "Metadata": {
    "gu:cdk:constructs": [
      "GuDistributionBucketParameter",
      "GuApiLambda",
      "GuCertificate",
      "GuCname",
    ],
    "gu:cdk:version": "TEST",
  },
  "Outputs": {
    "lambdacdkplaygroundlambdaapiEndpoint0E1DFC5F": {
      "Value": {
        "Fn::Join": [
          "",
          [
            "https://",
            {
              "Ref": "lambdacdkplaygroundlambdaapi061BB942",
            },
            ".execute-api.eu-west-1.",
            {
              "Ref": "AWS::URLSuffix",
            },
            "/",
            {
              "Ref": "lambdacdkplaygroundlambdaapiDeploymentStageprod4C07895E",
            },
            "/",
          ],
        ],
      },
    },
  },
  "Parameters": {
    "DistributionBucketName": {
      "Default": "/account/services/artifact.bucket",
      "Description": "SSM parameter containing the S3 bucket name holding distribution artifacts",
      "Type": "AWS::SSM::Parameter::Value<String>",
    },
  },
  "Resources": {
    "CertificateCdkplaygroundlambda82D0BE4D": {
      "DeletionPolicy": "Retain",
      "Properties": {
        "DomainName": "cdk-playground-lambda.code.dev-gutools.co.uk",
        "Tags": [
          {
            "Key": "App",
            "Value": "cdk-playground-lambda",
          },
          {
            "Key": "gu:cdk:version",
            "Value": "TEST",
          },
          {
            "Key": "gu:repo",
            "Value": "guardian/cdk-playground",
          },
          {
            "Key": "Name",
            "Value": "CdkPlaygroundLambda-CODE/CertificateCdkplaygroundlambda",
          },
          {
            "Key": "Stack",
            "Value": "deploy",
          },
          {
            "Key": "Stage",
            "Value": "CODE",
          },
        ],
        "ValidationMethod": "DNS",
      },
      "Type": "AWS::CertificateManager::Certificate",
      "UpdateReplacePolicy": "Retain",
    },
    "LambdaDNS": {
      "Properties": {
        "Name": "cdk-playground-lambda.code.dev-gutools.co.uk",
        "RecordType": "CNAME",
        "ResourceRecords": [
          {
            "Fn::GetAtt": [
              "lambdacdkplaygroundlambdaapidomainD1A8D46F",
              "RegionalDomainName",
            ],
          },
        ],
        "Stage": "CODE",
        "TTL": 3600,
      },
      "Type": "Guardian::DNS::RecordSet",
    },
    "lambda8B5974B5": {
      "DependsOn": [
        "lambdaServiceRoleDefaultPolicyBF6FA5E7",
        "lambdaServiceRole494E4CA6",
      ],
      "Properties": {
        "Code": {
          "S3Bucket": {
            "Ref": "DistributionBucketName",
          },
          "S3Key": "deploy/CODE/cdk-playground-lambda/cdk-playground-lambda.zip",
        },
        "Environment": {
          "Variables": {
            "APP": "cdk-playground-lambda",
            "STACK": "deploy",
            "STAGE": "CODE",
          },
        },
        "Handler": "handler.main",
        "LoggingConfig": {
          "LogFormat": "JSON",
        },
        "MemorySize": 512,
        "Role": {
          "Fn::GetAtt": [
            "lambdaServiceRole494E4CA6",
            "Arn",
          ],
        },
        "Runtime": "nodejs24.x",
        "Tags": [
          {
            "Key": "App",
            "Value": "cdk-playground-lambda",
          },
          {
            "Key": "gu:cdk:version",
            "Value": "TEST",
          },
          {
            "Key": "gu:repo",
            "Value": "guardian/cdk-playground",
          },
          {
            "Key": "Stack",
            "Value": "deploy",
          },
          {
            "Key": "Stage",
            "Value": "CODE",
          },
        ],
        "Timeout": 30,
      },
      "Type": "AWS::Lambda::Function",
    },
    "lambdaServiceRole494E4CA6": {
      "Properties": {
        "AssumeRolePolicyDocument": {
          "Statement": [
            {
              "Action": "sts:AssumeRole",
              "Effect": "Allow",
              "Principal": {
                "Service": "lambda.amazonaws.com",
              },
            },
          ],
          "Version": "2012-10-17",
        },
        "ManagedPolicyArns": [
          {
            "Fn::Join": [
              "",
              [
                "arn:",
                {
                  "Ref": "AWS::Partition",
                },
                ":iam::aws:policy/service-role/AWSLambdaBasicExecutionRole",
              ],
            ],
          },
        ],
        "Tags": [
          {
            "Key": "App",
            "Value": "cdk-playground-lambda",
          },
          {
            "Key": "gu:cdk:version",
            "Value": "TEST",
          },
          {
            "Key": "gu:repo",
            "Value": "guardian/cdk-playground",
          },
          {
            "Key": "Stack",
            "Value": "deploy",
          },
          {
            "Key": "Stage",
            "Value": "CODE",
          },
        ],
      },
      "Type": "AWS::IAM::Role",
    },
    "lambdaServiceRoleDefaultPolicyBF6FA5E7": {
      "Properties": {
        "PolicyDocument": {
          "Statement": [
            {
              "Action": [
                "s3:GetObject*",
                "s3:GetBucket*",
                "s3:List*",
              ],
              "Effect": "Allow",
              "Resource": [
                {
                  "Fn::Join": [
                    "",
                    [
                      "arn:",
                      {
                        "Ref": "AWS::Partition",
                      },
                      ":s3:::",
                      {
                        "Ref": "DistributionBucketName",
                      },
                    ],
                  ],
                },
                {
                  "Fn::Join": [
                    "",
                    [
                      "arn:",
                      {
                        "Ref": "AWS::Partition",
                      },
                      ":s3:::",
                      {
                        "Ref": "DistributionBucketName",
                      },
                      "/deploy/CODE/cdk-playground-lambda/cdk-playground-lambda.zip",
                    ],
                  ],
                },
              ],
            },
            {
              "Action": "ssm:GetParametersByPath",
              "Effect": "Allow",
              "Resource": {
                "Fn::Join": [
                  "",
                  [
                    "arn:aws:ssm:eu-west-1:",
                    {
                      "Ref": "AWS::AccountId",
                    },
                    ":parameter/CODE/deploy/cdk-playground-lambda",
                  ],
                ],
              },
            },
            {
              "Action": [
                "ssm:GetParameters",
                "ssm:GetParameter",
              ],
              "Effect": "Allow",
              "Resource": {
                "Fn::Join": [
                  "",
                  [
                    "arn:aws:ssm:eu-west-1:",
                    {
                      "Ref": "AWS::AccountId",
                    },
                    ":parameter/CODE/deploy/cdk-playground-lambda/*",
                  ],
                ],
              },
            },
          ],
          "Version": "2012-10-17",
        },
        "PolicyName": "lambdaServiceRoleDefaultPolicyBF6FA5E7",
        "Roles": [
          {
            "Ref": "lambdaServiceRole494E4CA6",
          },
        ],
      },
      "Type": "AWS::IAM::Policy",
    },
    "lambdacdkplaygroundlambdaapi061BB942": {
      "Properties": {
        "Description": "cdk-playground-lambda",
        "Name": "deploy-CODE-cdk-playground-lambda-api",
        "Tags": [
          {
            "Key": "App",
            "Value": "cdk-playground-lambda",
          },
          {
            "Key": "gu:cdk:version",
            "Value": "TEST",
          },
          {
            "Key": "gu:repo",
            "Value": "guardian/cdk-playground",
          },
          {
            "Key": "Stack",
            "Value": "deploy",
          },
          {
            "Key": "Stage",
            "Value": "CODE",
          },
        ],
      },
      "Type": "AWS::ApiGateway::RestApi",
    },
    "lambdacdkplaygroundlambdaapiANY46D7365E": {
      "Properties": {
        "AuthorizationType": "NONE",
        "HttpMethod": "ANY",
        "Integration": {
          "IntegrationHttpMethod": "POST",
          "Type": "AWS_PROXY",
          "Uri": {
            "Fn::Join": [
              "",
              [
                "arn:",
                {
                  "Ref": "AWS::Partition",
                },
                ":apigateway:eu-west-1:lambda:path/2015-03-31/functions/",
                {
                  "Fn::GetAtt": [
                    "lambda8B5974B5",
                    "Arn",
                  ],
                },
                "/invocations",
              ],
            ],
          },
        },
        "ResourceId": {
          "Fn::GetAtt": [
            "lambdacdkplaygroundlambdaapi061BB942",
            "RootResourceId",
          ],
        },
        "RestApiId": {
          "Ref": "lambdacdkplaygroundlambdaapi061BB942",
        },
      },
      "Type": "AWS::ApiGateway::Method",
    },
    "lambdacdkplaygroundlambdaapiANYApiPermissionCdkPlaygroundLambdaCODElambdacdkplaygroundlambdaapi34277BEBANYC425F854": {
      "Properties": {
        "Action": "lambda:InvokeFunction",
        "FunctionName": {
          "Fn::GetAtt": [
            "lambda8B5974B5",
            "Arn",
          ],
        },
        "Principal": "apigateway.amazonaws.com",
        "SourceArn": {
          "Fn::Join": [
            "",
            [
              "arn:",
              {
                "Ref": "AWS::Partition",
              },
              ":execute-api:eu-west-1:",
              {
                "Ref": "AWS::AccountId",
              },
              ":",
              {
                "Ref": "lambdacdkplaygroundlambdaapi061BB942",
              },
              "/",
              {
                "Ref": "lambdacdkplaygroundlambdaapiDeploymentStageprod4C07895E",
              },
              "/*/",
            ],
          ],
        },
      },
      "Type": "AWS::Lambda::Permission",
    },
    "lambdacdkplaygroundlambdaapiANYApiPermissionTestCdkPlaygroundLambdaCODElambdacdkplaygroundlambdaapi34277BEBANY8D210438": {
      "Properties": {
        "Action": "lambda:InvokeFunction",
        "FunctionName": {
          "Fn::GetAtt": [
            "lambda8B5974B5",
            "Arn",
          ],
        },
        "Principal": "apigateway.amazonaws.com",
        "SourceArn": {
          "Fn::Join": [
            "",
            [
              "arn:",
              {
                "Ref": "AWS::Partition",
              },
              ":execute-api:eu-west-1:",
              {
                "Ref": "AWS::AccountId",
              },
              ":",
              {
                "Ref": "lambdacdkplaygroundlambdaapi061BB942",
              },
              "/test-invoke-stage/*/",
            ],
          ],
        },
      },
      "Type": "AWS::Lambda::Permission",
    },
    "lambdacdkplaygroundlambdaapiAccount6891AB06": {
      "DeletionPolicy": "Retain",
      "DependsOn": [
        "lambdacdkplaygroundlambdaapi061BB942",
      ],
      "Properties": {
        "CloudWatchRoleArn": {
          "Fn::GetAtt": [
            "lambdacdkplaygroundlambdaapiCloudWatchRole4B1F446E",
            "Arn",
          ],
        },
      },
      "Type": "AWS::ApiGateway::Account",
      "UpdateReplacePolicy": "Retain",
    },
    "lambdacdkplaygroundlambdaapiCloudWatchRole4B1F446E": {
      "DeletionPolicy": "Retain",
      "Properties": {
        "AssumeRolePolicyDocument": {
          "Statement": [
            {
              "Action": "sts:AssumeRole",
              "Effect": "Allow",
              "Principal": {
                "Service": "apigateway.amazonaws.com",
              },
            },
          ],
          "Version": "2012-10-17",
        },
        "ManagedPolicyArns": [
          {
            "Fn::Join": [
              "",
              [
                "arn:",
                {
                  "Ref": "AWS::Partition",
                },
                ":iam::aws:policy/service-role/AmazonAPIGatewayPushToCloudWatchLogs",
              ],
            ],
          },
        ],
        "Tags": [
          {
            "Key": "App",
            "Value": "cdk-playground-lambda",
          },
          {
            "Key": "gu:cdk:version",
            "Value": "TEST",
          },
          {
            "Key": "gu:repo",
            "Value": "guardian/cdk-playground",
          },
          {
            "Key": "Stack",
            "Value": "deploy",
          },
          {
            "Key": "Stage",
            "Value": "CODE",
          },
        ],
      },
      "Type": "AWS::IAM::Role",
      "UpdateReplacePolicy": "Retain",
    },
    "lambdacdkplaygroundlambdaapiDeployment157471B28266d1e345dae549af9ec84edc7f0bc3": {
      "DependsOn": [
        "lambdacdkplaygroundlambdaapiproxyANYDB984CB2",
        "lambdacdkplaygroundlambdaapiproxyFA4DE6D2",
        "lambdacdkplaygroundlambdaapiANY46D7365E",
      ],
      "Metadata": {
        "aws:cdk:do-not-refactor": true,
      },
      "Properties": {
        "Description": "cdk-playground-lambda",
        "RestApiId": {
          "Ref": "lambdacdkplaygroundlambdaapi061BB942",
        },
      },
      "Type": "AWS::ApiGateway::Deployment",
    },
    "lambdacdkplaygroundlambdaapiDeploymentStageprod4C07895E": {
      "DependsOn": [
        "lambdacdkplaygroundlambdaapiAccount6891AB06",
      ],
      "Properties": {
        "DeploymentId": {
          "Ref": "lambdacdkplaygroundlambdaapiDeployment157471B28266d1e345dae549af9ec84edc7f0bc3",
        },
        "RestApiId": {
          "Ref": "lambdacdkplaygroundlambdaapi061BB942",
        },
        "StageName": "prod",
        "Tags": [
          {
            "Key": "App",
            "Value": "cdk-playground-lambda",
          },
          {
            "Key": "gu:cdk:version",
            "Value": "TEST",
          },
          {
            "Key": "gu:repo",
            "Value": "guardian/cdk-playground",
          },
          {
            "Key": "Stack",
            "Value": "deploy",
          },
          {
            "Key": "Stage",
            "Value": "CODE",
          },
        ],
      },
      "Type": "AWS::ApiGateway::Stage",
    },
    "lambdacdkplaygroundlambdaapidomainD1A8D46F": {
      "Properties": {
        "DomainName": "cdk-playground-lambda.code.dev-gutools.co.uk",
        "EndpointConfiguration": {
          "Types": [
            "REGIONAL",
          ],
        },
        "RegionalCertificateArn": {
          "Ref": "CertificateCdkplaygroundlambda82D0BE4D",
        },
        "Tags": [
          {
            "Key": "App",
            "Value": "cdk-playground-lambda",
          },
          {
            "Key": "gu:cdk:version",
            "Value": "TEST",
          },
          {
            "Key": "gu:repo",
            "Value": "guardian/cdk-playground",
          },
          {
            "Key": "Stack",
            "Value": "deploy",
          },
          {
            "Key": "Stage",
            "Value": "CODE",
          },
        ],
      },
      "Type": "AWS::ApiGateway::DomainName",
    },
    "lambdacdkplaygroundlambdaapidomainMapCdkPlaygroundLambdaCODElambdacdkplaygroundlambdaapi34277BEB1FBC9448": {
      "Properties": {
        "DomainName": {
          "Ref": "lambdacdkplaygroundlambdaapidomainD1A8D46F",
        },
        "RestApiId": {
          "Ref": "lambdacdkplaygroundlambdaapi061BB942",
        },
        "Stage": {
          "Ref": "lambdacdkplaygroundlambdaapiDeploymentStageprod4C07895E",
        },
      },
      "Type": "AWS::ApiGateway::BasePathMapping",
    },
    "lambdacdkplaygroundlambdaapiproxyANYApiPermissionCdkPlaygroundLambdaCODElambdacdkplaygroundlambdaapi34277BEBANYproxyCC311E10": {
      "Properties": {
        "Action": "lambda:InvokeFunction",
        "FunctionName": {
          "Fn::GetAtt": [
            "lambda8B5974B5",
            "Arn",
          ],
        },
        "Principal": "apigateway.amazonaws.com",
        "SourceArn": {
          "Fn::Join": [
            "",
            [
              "arn:",
              {
                "Ref": "AWS::Partition",
              },
              ":execute-api:eu-west-1:",
              {
                "Ref": "AWS::AccountId",
              },
              ":",
              {
                "Ref": "lambdacdkplaygroundlambdaapi061BB942",
              },
              "/",
              {
                "Ref": "lambdacdkplaygroundlambdaapiDeploymentStageprod4C07895E",
              },
              "/*/*",
            ],
          ],
        },
      },
      "Type": "AWS::Lambda::Permission",
    },
    "lambdacdkplaygroundlambdaapiproxyANYApiPermissionTestCdkPlaygroundLambdaCODElambdacdkplaygroundlambdaapi34277BEBANYproxy0AFC0599": {
      "Properties": {
        "Action": "lambda:InvokeFunction",
        "FunctionName": {
          "Fn::GetAtt": [
            "lambda8B5974B5",
            "Arn",
          ],
        },
        "Principal": "apigateway.amazonaws.com",
        "SourceArn": {
          "Fn::Join": [
            "",
            [
              "arn:",
              {
                "Ref": "AWS::Partition",
              },
              ":execute-api:eu-west-1:",
              {
                "Ref": "AWS::AccountId",
              },
              ":",
              {
                "Ref": "lambdacdkplaygroundlambdaapi061BB942",
              },
              "/test-invoke-stage/*/*",
            ],
          ],
        },
      },
      "Type": "AWS::Lambda::Permission",
    },
    "lambdacdkplaygroundlambdaapiproxyANYDB984CB2": {
      "Properties": {
        "AuthorizationType": "NONE",
        "HttpMethod": "ANY",
        "Integration": {
          "IntegrationHttpMethod": "POST",
          "Type": "AWS_PROXY",
          "Uri": {
            "Fn::Join": [
              "",
              [
                "arn:",
                {
                  "Ref": "AWS::Partition",
                },
                ":apigateway:eu-west-1:lambda:path/2015-03-31/functions/",
                {
                  "Fn::GetAtt": [
                    "lambda8B5974B5",
                    "Arn",
                  ],
                },
                "/invocations",
              ],
            ],
          },
        },
        "ResourceId": {
          "Ref": "lambdacdkplaygroundlambdaapiproxyFA4DE6D2",
        },
        "RestApiId": {
          "Ref": "lambdacdkplaygroundlambdaapi061BB942",
        },
      },
      "Type": "AWS::ApiGateway::Method",
    },
    "lambdacdkplaygroundlambdaapiproxyFA4DE6D2": {
      "Properties": {
        "ParentId": {
          "Fn::GetAtt": [
            "lambdacdkplaygroundlambdaapi061BB942",
            "RootResourceId",
          ],
        },
        "PathPart": "{proxy+}",
        "RestApiId": {
          "Ref": "lambdacdkplaygroundlambdaapi061BB942",
        },
      },
      "Type": "AWS::ApiGateway::Resource",
    },
  },
}
`;
