// Jest Snapshot v1, https://goo.gl/fbAQLP

exports[`The Deploy stack matches the snapshot 1`] = `
Object {
  "Metadata": Object {
    "gu:cdk:constructs": Array [
      "GuVpcParameter",
      "GuSubnetListParameter",
      "GuSubnetListParameter",
      "GuEc2AppExperimental",
      "GuDistributionBucketParameter",
      "GuCertificate",
      "GuInstanceRole",
      "GuSsmSshPolicy",
      "GuDescribeEC2Policy",
      "GuLoggingStreamNameParameter",
      "GuLogShippingPolicy",
      "GuGetDistributablePolicy",
      "GuParameterStoreReadPolicy",
      "GuAmiParameter",
      "GuHttpsEgressSecurityGroup",
      "GuWazuhAccess",
      "GuAutoScalingGroup",
      "GuApplicationLoadBalancer",
      "GuApplicationTargetGroup",
      "GuHttpsApplicationListener",
      "GuCname",
      "GuApiLambda",
      "GuCertificate",
      "GuCname",
    ],
    "gu:cdk:version": "TEST",
  },
  "Outputs": Object {
    "LoadBalancerCdkplaygroundDnsName": Object {
      "Description": "DNS entry for LoadBalancerCdkplayground",
      "Value": Object {
        "Fn::GetAtt": Array [
          "LoadBalancerCdkplayground7C6B4D97",
          "DNSName",
        ],
      },
    },
    "lambdacdkplaygroundlambdaapiEndpoint0E1DFC5F": Object {
      "Value": Object {
        "Fn::Join": Array [
          "",
          Array [
            "https://",
            Object {
              "Ref": "lambdacdkplaygroundlambdaapi061BB942",
            },
            ".execute-api.eu-west-1.",
            Object {
              "Ref": "AWS::URLSuffix",
            },
            "/",
            Object {
              "Ref": "lambdacdkplaygroundlambdaapiDeploymentStageprod4C07895E",
            },
            "/",
          ],
        ],
      },
    },
  },
  "Parameters": Object {
    "AMICdkplayground": Object {
      "Description": "Amazon Machine Image ID for the app cdk-playground. Use this in conjunction with AMIgo to keep AMIs up to date.",
      "Type": "AWS::EC2::Image::Id",
    },
    "DistributionBucketName": Object {
      "Default": "/account/services/artifact.bucket",
      "Description": "SSM parameter containing the S3 bucket name holding distribution artifacts",
      "Type": "AWS::SSM::Parameter::Value<String>",
    },
    "LoggingStreamName": Object {
      "Default": "/account/services/logging.stream.name",
      "Description": "SSM parameter containing the Name (not ARN) on the kinesis stream",
      "Type": "AWS::SSM::Parameter::Value<String>",
    },
    "VpcId": Object {
      "Default": "/account/vpc/primary/id",
      "Description": "Virtual Private Cloud to run EC2 instances within. Should NOT be the account default VPC.",
      "Type": "AWS::SSM::Parameter::Value<AWS::EC2::VPC::Id>",
    },
    "cdkplaygroundPrivateSubnets": Object {
      "Default": "/account/vpc/primary/subnets/private",
      "Description": "A list of private subnets",
      "Type": "AWS::SSM::Parameter::Value<List<AWS::EC2::Subnet::Id>>",
    },
    "cdkplaygroundPublicSubnets": Object {
      "Default": "/account/vpc/primary/subnets/public",
      "Description": "A list of public subnets",
      "Type": "AWS::SSM::Parameter::Value<List<AWS::EC2::Subnet::Id>>",
    },
  },
  "Resources": Object {
    "AsgRollingUpdatePolicy2A1DDC6F": Object {
      "Properties": Object {
        "PolicyDocument": Object {
          "Statement": Array [
            Object {
              "Action": "cloudformation:SignalResource",
              "Effect": "Allow",
              "Resource": Object {
                "Ref": "AWS::StackId",
              },
            },
            Object {
              "Action": "elasticloadbalancing:DescribeTargetHealth",
              "Effect": "Allow",
              "Resource": "*",
            },
          ],
          "Version": "2012-10-17",
        },
        "PolicyName": "AsgRollingUpdatePolicy2A1DDC6F",
        "Roles": Array [
          Object {
            "Ref": "InstanceRoleCdkplaygroundC280027A",
          },
        ],
      },
      "Type": "AWS::IAM::Policy",
    },
    "AutoScalingGroupCdkplaygroundASGD6E49F0F": Object {
      "CreationPolicy": Object {
        "AutoScalingCreationPolicy": Object {
          "MinSuccessfulInstancesPercent": 100,
        },
        "ResourceSignal": Object {
          "Count": 3,
          "Timeout": "PT3M",
        },
      },
      "DependsOn": Array [
        "AsgRollingUpdatePolicy2A1DDC6F",
      ],
      "Properties": Object {
        "DesiredCapacity": "3",
        "HealthCheckGracePeriod": 120,
        "HealthCheckType": "ELB",
        "LaunchTemplate": Object {
          "LaunchTemplateId": Object {
            "Ref": "playgroundPRODcdkplayground7B64111F",
          },
          "Version": Object {
            "Fn::GetAtt": Array [
              "playgroundPRODcdkplayground7B64111F",
              "LatestVersionNumber",
            ],
          },
        },
        "MaxSize": "6",
        "MetricsCollection": Array [
          Object {
            "Granularity": "1Minute",
          },
        ],
        "MinSize": "3",
        "Tags": Array [
          Object {
            "Key": "App",
            "PropagateAtLaunch": true,
            "Value": "cdk-playground",
          },
          Object {
            "Key": "gu:cdk:version",
            "PropagateAtLaunch": true,
            "Value": "TEST",
          },
          Object {
            "Key": "gu:repo",
            "PropagateAtLaunch": true,
            "Value": "guardian/cdk-playground",
          },
          Object {
            "Key": "LogKinesisStreamName",
            "PropagateAtLaunch": true,
            "Value": Object {
              "Ref": "LoggingStreamName",
            },
          },
          Object {
            "Key": "Stack",
            "PropagateAtLaunch": true,
            "Value": "playground",
          },
          Object {
            "Key": "Stage",
            "PropagateAtLaunch": true,
            "Value": "PROD",
          },
          Object {
            "Key": "SystemdUnit",
            "PropagateAtLaunch": true,
            "Value": "cdk-playground.service",
          },
        ],
        "TargetGroupARNs": Array [
          Object {
            "Ref": "TargetGroupCdkplayground7A453FC2",
          },
        ],
        "VPCZoneIdentifier": Object {
          "Ref": "cdkplaygroundPrivateSubnets",
        },
      },
      "Type": "AWS::AutoScaling::AutoScalingGroup",
      "UpdatePolicy": Object {
        "AutoScalingRollingUpdate": Object {
          "MaxBatchSize": 6,
          "MinInstancesInService": 3,
          "MinSuccessfulInstancesPercent": 100,
          "PauseTime": "PT3M",
          "SuspendProcesses": Array [
            "AlarmNotification",
          ],
          "WaitOnResourceSignals": true,
        },
      },
    },
    "CertificateCdkplayground47FCF7D9": Object {
      "DeletionPolicy": "Retain",
      "Properties": Object {
        "DomainName": "cdk-playground.gutools.co.uk",
        "Tags": Array [
          Object {
            "Key": "App",
            "Value": "cdk-playground",
          },
          Object {
            "Key": "gu:cdk:version",
            "Value": "TEST",
          },
          Object {
            "Key": "gu:repo",
            "Value": "guardian/cdk-playground",
          },
          Object {
            "Key": "Name",
            "Value": "CdkPlayground/CertificateCdkplayground",
          },
          Object {
            "Key": "Stack",
            "Value": "playground",
          },
          Object {
            "Key": "Stage",
            "Value": "PROD",
          },
        ],
        "ValidationMethod": "DNS",
      },
      "Type": "AWS::CertificateManager::Certificate",
      "UpdateReplacePolicy": "Retain",
    },
    "CertificateCdkplaygroundlambda82D0BE4D": Object {
      "DeletionPolicy": "Retain",
      "Properties": Object {
        "DomainName": "cdk-playground-lambda.gutools.co.uk",
        "Tags": Array [
          Object {
            "Key": "App",
            "Value": "cdk-playground-lambda",
          },
          Object {
            "Key": "gu:cdk:version",
            "Value": "TEST",
          },
          Object {
            "Key": "gu:repo",
            "Value": "guardian/cdk-playground",
          },
          Object {
            "Key": "Name",
            "Value": "CdkPlayground/CertificateCdkplaygroundlambda",
          },
          Object {
            "Key": "Stack",
            "Value": "playground",
          },
          Object {
            "Key": "Stage",
            "Value": "PROD",
          },
        ],
        "ValidationMethod": "DNS",
      },
      "Type": "AWS::CertificateManager::Certificate",
      "UpdateReplacePolicy": "Retain",
    },
    "DescribeEC2PolicyFF5F9295": Object {
      "Properties": Object {
        "PolicyDocument": Object {
          "Statement": Array [
            Object {
              "Action": Array [
                "autoscaling:DescribeAutoScalingInstances",
                "autoscaling:DescribeAutoScalingGroups",
                "ec2:DescribeTags",
                "ec2:DescribeInstances",
              ],
              "Effect": "Allow",
              "Resource": "*",
            },
          ],
          "Version": "2012-10-17",
        },
        "PolicyName": "describe-ec2-policy",
        "Roles": Array [
          Object {
            "Ref": "InstanceRoleCdkplaygroundC280027A",
          },
        ],
      },
      "Type": "AWS::IAM::Policy",
    },
    "EC2AppDNS": Object {
      "Properties": Object {
        "Name": "cdk-playground.gutools.co.uk",
        "RecordType": "CNAME",
        "ResourceRecords": Array [
          Object {
            "Fn::GetAtt": Array [
              "LoadBalancerCdkplayground7C6B4D97",
              "DNSName",
            ],
          },
        ],
        "Stage": "PROD",
        "TTL": 3600,
      },
      "Type": "Guardian::DNS::RecordSet",
    },
    "GetDistributablePolicyCdkplaygroundBFB4D02B": Object {
      "Properties": Object {
        "PolicyDocument": Object {
          "Statement": Array [
            Object {
              "Action": "s3:GetObject",
              "Effect": "Allow",
              "Resource": Object {
                "Fn::Join": Array [
                  "",
                  Array [
                    "arn:aws:s3:::",
                    Object {
                      "Ref": "DistributionBucketName",
                    },
                    "/playground/PROD/cdk-playground/*",
                  ],
                ],
              },
            },
          ],
          "Version": "2012-10-17",
        },
        "PolicyName": "GetDistributablePolicyCdkplaygroundBFB4D02B",
        "Roles": Array [
          Object {
            "Ref": "InstanceRoleCdkplaygroundC280027A",
          },
        ],
      },
      "Type": "AWS::IAM::Policy",
    },
    "GuHttpsEgressSecurityGroupCdkplaygroundAF9827C8": Object {
      "Properties": Object {
        "GroupDescription": "Allow all outbound HTTPS traffic",
        "SecurityGroupEgress": Array [
          Object {
            "CidrIp": "0.0.0.0/0",
            "Description": "Allow all outbound HTTPS traffic",
            "FromPort": 443,
            "IpProtocol": "tcp",
            "ToPort": 443,
          },
        ],
        "Tags": Array [
          Object {
            "Key": "App",
            "Value": "cdk-playground",
          },
          Object {
            "Key": "gu:cdk:version",
            "Value": "TEST",
          },
          Object {
            "Key": "gu:repo",
            "Value": "guardian/cdk-playground",
          },
          Object {
            "Key": "Stack",
            "Value": "playground",
          },
          Object {
            "Key": "Stage",
            "Value": "PROD",
          },
        ],
        "VpcId": Object {
          "Ref": "VpcId",
        },
      },
      "Type": "AWS::EC2::SecurityGroup",
    },
    "GuHttpsEgressSecurityGroupCdkplaygroundfromCdkPlaygroundLoadBalancerCdkplaygroundSecurityGroupE52E5B389000361696B8": Object {
      "Properties": Object {
        "Description": "Load balancer to target",
        "FromPort": 9000,
        "GroupId": Object {
          "Fn::GetAtt": Array [
            "GuHttpsEgressSecurityGroupCdkplaygroundAF9827C8",
            "GroupId",
          ],
        },
        "IpProtocol": "tcp",
        "SourceSecurityGroupId": Object {
          "Fn::GetAtt": Array [
            "LoadBalancerCdkplaygroundSecurityGroupAE8BCA05",
            "GroupId",
          ],
        },
        "ToPort": 9000,
      },
      "Type": "AWS::EC2::SecurityGroupIngress",
    },
    "GuLogShippingPolicy981BFE5A": Object {
      "Properties": Object {
        "PolicyDocument": Object {
          "Statement": Array [
            Object {
              "Action": Array [
                "kinesis:Describe*",
                "kinesis:Put*",
              ],
              "Effect": "Allow",
              "Resource": Object {
                "Fn::Join": Array [
                  "",
                  Array [
                    "arn:aws:kinesis:eu-west-1:",
                    Object {
                      "Ref": "AWS::AccountId",
                    },
                    ":stream/",
                    Object {
                      "Ref": "LoggingStreamName",
                    },
                  ],
                ],
              },
            },
          ],
          "Version": "2012-10-17",
        },
        "PolicyName": "GuLogShippingPolicy981BFE5A",
        "Roles": Array [
          Object {
            "Ref": "InstanceRoleCdkplaygroundC280027A",
          },
        ],
      },
      "Type": "AWS::IAM::Policy",
    },
    "InstanceRoleCdkplaygroundC280027A": Object {
      "Properties": Object {
        "AssumeRolePolicyDocument": Object {
          "Statement": Array [
            Object {
              "Action": "sts:AssumeRole",
              "Effect": "Allow",
              "Principal": Object {
                "Service": "ec2.amazonaws.com",
              },
            },
          ],
          "Version": "2012-10-17",
        },
        "Path": "/",
        "Tags": Array [
          Object {
            "Key": "App",
            "Value": "cdk-playground",
          },
          Object {
            "Key": "gu:cdk:version",
            "Value": "TEST",
          },
          Object {
            "Key": "gu:repo",
            "Value": "guardian/cdk-playground",
          },
          Object {
            "Key": "Stack",
            "Value": "playground",
          },
          Object {
            "Key": "Stage",
            "Value": "PROD",
          },
        ],
      },
      "Type": "AWS::IAM::Role",
    },
    "LambdaDNS": Object {
      "Properties": Object {
        "Name": "cdk-playground-lambda.gutools.co.uk",
        "RecordType": "CNAME",
        "ResourceRecords": Array [
          Object {
            "Fn::GetAtt": Array [
              "lambdacdkplaygroundlambdaapidomainD1A8D46F",
              "RegionalDomainName",
            ],
          },
        ],
        "Stage": "PROD",
        "TTL": 3600,
      },
      "Type": "Guardian::DNS::RecordSet",
    },
    "ListenerCdkplaygroundA8D9CA6F": Object {
      "Properties": Object {
        "Certificates": Array [
          Object {
            "CertificateArn": Object {
              "Ref": "CertificateCdkplayground47FCF7D9",
            },
          },
        ],
        "DefaultActions": Array [
          Object {
            "TargetGroupArn": Object {
              "Ref": "TargetGroupCdkplayground7A453FC2",
            },
            "Type": "forward",
          },
        ],
        "LoadBalancerArn": Object {
          "Ref": "LoadBalancerCdkplayground7C6B4D97",
        },
        "Port": 443,
        "Protocol": "HTTPS",
        "SslPolicy": "ELBSecurityPolicy-TLS13-1-2-2021-06",
      },
      "Type": "AWS::ElasticLoadBalancingV2::Listener",
    },
    "LoadBalancerCdkplayground7C6B4D97": Object {
      "Properties": Object {
        "LoadBalancerAttributes": Array [
          Object {
            "Key": "deletion_protection.enabled",
            "Value": "true",
          },
          Object {
            "Key": "routing.http.x_amzn_tls_version_and_cipher_suite.enabled",
            "Value": "true",
          },
          Object {
            "Key": "routing.http.drop_invalid_header_fields.enabled",
            "Value": "true",
          },
        ],
        "Scheme": "internet-facing",
        "SecurityGroups": Array [
          Object {
            "Fn::GetAtt": Array [
              "LoadBalancerCdkplaygroundSecurityGroupAE8BCA05",
              "GroupId",
            ],
          },
        ],
        "Subnets": Object {
          "Ref": "cdkplaygroundPublicSubnets",
        },
        "Tags": Array [
          Object {
            "Key": "App",
            "Value": "cdk-playground",
          },
          Object {
            "Key": "gu:cdk:version",
            "Value": "TEST",
          },
          Object {
            "Key": "gu:repo",
            "Value": "guardian/cdk-playground",
          },
          Object {
            "Key": "Stack",
            "Value": "playground",
          },
          Object {
            "Key": "Stage",
            "Value": "PROD",
          },
        ],
        "Type": "application",
      },
      "Type": "AWS::ElasticLoadBalancingV2::LoadBalancer",
    },
    "LoadBalancerCdkplaygroundSecurityGroupAE8BCA05": Object {
      "Properties": Object {
        "GroupDescription": "Automatically created Security Group for ELB CdkPlaygroundLoadBalancerCdkplayground0F8432FC",
        "SecurityGroupIngress": Array [
          Object {
            "CidrIp": "0.0.0.0/0",
            "Description": "Allow from anyone on port 443",
            "FromPort": 443,
            "IpProtocol": "tcp",
            "ToPort": 443,
          },
        ],
        "Tags": Array [
          Object {
            "Key": "App",
            "Value": "cdk-playground",
          },
          Object {
            "Key": "gu:cdk:version",
            "Value": "TEST",
          },
          Object {
            "Key": "gu:repo",
            "Value": "guardian/cdk-playground",
          },
          Object {
            "Key": "Stack",
            "Value": "playground",
          },
          Object {
            "Key": "Stage",
            "Value": "PROD",
          },
        ],
        "VpcId": Object {
          "Ref": "VpcId",
        },
      },
      "Type": "AWS::EC2::SecurityGroup",
    },
    "LoadBalancerCdkplaygroundSecurityGrouptoCdkPlaygroundGuHttpsEgressSecurityGroupCdkplaygroundFCB890AC9000F547AD56": Object {
      "Properties": Object {
        "Description": "Load balancer to target",
        "DestinationSecurityGroupId": Object {
          "Fn::GetAtt": Array [
            "GuHttpsEgressSecurityGroupCdkplaygroundAF9827C8",
            "GroupId",
          ],
        },
        "FromPort": 9000,
        "GroupId": Object {
          "Fn::GetAtt": Array [
            "LoadBalancerCdkplaygroundSecurityGroupAE8BCA05",
            "GroupId",
          ],
        },
        "IpProtocol": "tcp",
        "ToPort": 9000,
      },
      "Type": "AWS::EC2::SecurityGroupEgress",
    },
    "LoadBalancerCdkplaygroundSecurityGrouptoCdkPlaygroundWazuhSecurityGroupBE1C2E039000E0905CDC": Object {
      "Properties": Object {
        "Description": "Load balancer to target",
        "DestinationSecurityGroupId": Object {
          "Fn::GetAtt": Array [
            "WazuhSecurityGroup",
            "GroupId",
          ],
        },
        "FromPort": 9000,
        "GroupId": Object {
          "Fn::GetAtt": Array [
            "LoadBalancerCdkplaygroundSecurityGroupAE8BCA05",
            "GroupId",
          ],
        },
        "IpProtocol": "tcp",
        "ToPort": 9000,
      },
      "Type": "AWS::EC2::SecurityGroupEgress",
    },
    "ParameterStoreReadCdkplaygroundF78958B9": Object {
      "Properties": Object {
        "PolicyDocument": Object {
          "Statement": Array [
            Object {
              "Action": "ssm:GetParametersByPath",
              "Effect": "Allow",
              "Resource": Object {
                "Fn::Join": Array [
                  "",
                  Array [
                    "arn:aws:ssm:eu-west-1:",
                    Object {
                      "Ref": "AWS::AccountId",
                    },
                    ":parameter/PROD/playground/cdk-playground",
                  ],
                ],
              },
            },
            Object {
              "Action": Array [
                "ssm:GetParameters",
                "ssm:GetParameter",
              ],
              "Effect": "Allow",
              "Resource": Object {
                "Fn::Join": Array [
                  "",
                  Array [
                    "arn:aws:ssm:eu-west-1:",
                    Object {
                      "Ref": "AWS::AccountId",
                    },
                    ":parameter/PROD/playground/cdk-playground/*",
                  ],
                ],
              },
            },
          ],
          "Version": "2012-10-17",
        },
        "PolicyName": "parameter-store-read-policy",
        "Roles": Array [
          Object {
            "Ref": "InstanceRoleCdkplaygroundC280027A",
          },
        ],
      },
      "Type": "AWS::IAM::Policy",
    },
    "SsmSshPolicy4CFC977E": Object {
      "Properties": Object {
        "PolicyDocument": Object {
          "Statement": Array [
            Object {
              "Action": Array [
                "ec2messages:AcknowledgeMessage",
                "ec2messages:DeleteMessage",
                "ec2messages:FailMessage",
                "ec2messages:GetEndpoint",
                "ec2messages:GetMessages",
                "ec2messages:SendReply",
                "ssm:UpdateInstanceInformation",
                "ssm:ListInstanceAssociations",
                "ssm:DescribeInstanceProperties",
                "ssm:DescribeDocumentParameters",
                "ssmmessages:CreateControlChannel",
                "ssmmessages:CreateDataChannel",
                "ssmmessages:OpenControlChannel",
                "ssmmessages:OpenDataChannel",
              ],
              "Effect": "Allow",
              "Resource": "*",
            },
          ],
          "Version": "2012-10-17",
        },
        "PolicyName": "ssm-ssh-policy",
        "Roles": Array [
          Object {
            "Ref": "InstanceRoleCdkplaygroundC280027A",
          },
        ],
      },
      "Type": "AWS::IAM::Policy",
    },
    "TargetGroupCdkplayground7A453FC2": Object {
      "Properties": Object {
        "HealthCheckIntervalSeconds": 10,
        "HealthCheckPath": "/healthcheck",
        "HealthCheckProtocol": "HTTP",
        "HealthCheckTimeoutSeconds": 5,
        "HealthyThresholdCount": 5,
        "Port": 9000,
        "Protocol": "HTTP",
        "Tags": Array [
          Object {
            "Key": "App",
            "Value": "cdk-playground",
          },
          Object {
            "Key": "gu:cdk:version",
            "Value": "TEST",
          },
          Object {
            "Key": "gu:repo",
            "Value": "guardian/cdk-playground",
          },
          Object {
            "Key": "Stack",
            "Value": "playground",
          },
          Object {
            "Key": "Stage",
            "Value": "PROD",
          },
        ],
        "TargetGroupAttributes": Array [
          Object {
            "Key": "deregistration_delay.timeout_seconds",
            "Value": "30",
          },
          Object {
            "Key": "stickiness.enabled",
            "Value": "false",
          },
        ],
        "TargetType": "instance",
        "UnhealthyThresholdCount": 2,
        "VpcId": Object {
          "Ref": "VpcId",
        },
      },
      "Type": "AWS::ElasticLoadBalancingV2::TargetGroup",
    },
    "WazuhSecurityGroup": Object {
      "Properties": Object {
        "GroupDescription": "Allow outbound traffic from wazuh agent to manager",
        "SecurityGroupEgress": Array [
          Object {
            "CidrIp": "0.0.0.0/0",
            "Description": "Wazuh event logging",
            "FromPort": 1514,
            "IpProtocol": "tcp",
            "ToPort": 1514,
          },
          Object {
            "CidrIp": "0.0.0.0/0",
            "Description": "Wazuh agent registration",
            "FromPort": 1515,
            "IpProtocol": "tcp",
            "ToPort": 1515,
          },
        ],
        "Tags": Array [
          Object {
            "Key": "gu:cdk:version",
            "Value": "TEST",
          },
          Object {
            "Key": "gu:repo",
            "Value": "guardian/cdk-playground",
          },
          Object {
            "Key": "Stack",
            "Value": "playground",
          },
          Object {
            "Key": "Stage",
            "Value": "PROD",
          },
        ],
        "VpcId": Object {
          "Ref": "VpcId",
        },
      },
      "Type": "AWS::EC2::SecurityGroup",
    },
    "WazuhSecurityGroupfromCdkPlaygroundLoadBalancerCdkplaygroundSecurityGroupE52E5B3890001018F1AF": Object {
      "Properties": Object {
        "Description": "Load balancer to target",
        "FromPort": 9000,
        "GroupId": Object {
          "Fn::GetAtt": Array [
            "WazuhSecurityGroup",
            "GroupId",
          ],
        },
        "IpProtocol": "tcp",
        "SourceSecurityGroupId": Object {
          "Fn::GetAtt": Array [
            "LoadBalancerCdkplaygroundSecurityGroupAE8BCA05",
            "GroupId",
          ],
        },
        "ToPort": 9000,
      },
      "Type": "AWS::EC2::SecurityGroupIngress",
    },
    "lambda8B5974B5": Object {
      "DependsOn": Array [
        "lambdaServiceRoleDefaultPolicyBF6FA5E7",
        "lambdaServiceRole494E4CA6",
      ],
      "Properties": Object {
        "Code": Object {
          "S3Bucket": Object {
            "Ref": "DistributionBucketName",
          },
          "S3Key": "playground/PROD/cdk-playground-lambda/cdk-playground-lambda.zip",
        },
        "Environment": Object {
          "Variables": Object {
            "APP": "cdk-playground-lambda",
            "STACK": "playground",
            "STAGE": "PROD",
          },
        },
        "Handler": "handler.main",
        "LoggingConfig": Object {
          "LogFormat": "JSON",
        },
        "MemorySize": 512,
        "Role": Object {
          "Fn::GetAtt": Array [
            "lambdaServiceRole494E4CA6",
            "Arn",
          ],
        },
        "Runtime": "nodejs20.x",
        "Tags": Array [
          Object {
            "Key": "App",
            "Value": "cdk-playground-lambda",
          },
          Object {
            "Key": "gu:cdk:version",
            "Value": "TEST",
          },
          Object {
            "Key": "gu:repo",
            "Value": "guardian/cdk-playground",
          },
          Object {
            "Key": "Stack",
            "Value": "playground",
          },
          Object {
            "Key": "Stage",
            "Value": "PROD",
          },
        ],
        "Timeout": 30,
      },
      "Type": "AWS::Lambda::Function",
    },
    "lambdaServiceRole494E4CA6": Object {
      "Properties": Object {
        "AssumeRolePolicyDocument": Object {
          "Statement": Array [
            Object {
              "Action": "sts:AssumeRole",
              "Effect": "Allow",
              "Principal": Object {
                "Service": "lambda.amazonaws.com",
              },
            },
          ],
          "Version": "2012-10-17",
        },
        "ManagedPolicyArns": Array [
          Object {
            "Fn::Join": Array [
              "",
              Array [
                "arn:",
                Object {
                  "Ref": "AWS::Partition",
                },
                ":iam::aws:policy/service-role/AWSLambdaBasicExecutionRole",
              ],
            ],
          },
        ],
        "Tags": Array [
          Object {
            "Key": "App",
            "Value": "cdk-playground-lambda",
          },
          Object {
            "Key": "gu:cdk:version",
            "Value": "TEST",
          },
          Object {
            "Key": "gu:repo",
            "Value": "guardian/cdk-playground",
          },
          Object {
            "Key": "Stack",
            "Value": "playground",
          },
          Object {
            "Key": "Stage",
            "Value": "PROD",
          },
        ],
      },
      "Type": "AWS::IAM::Role",
    },
    "lambdaServiceRoleDefaultPolicyBF6FA5E7": Object {
      "Properties": Object {
        "PolicyDocument": Object {
          "Statement": Array [
            Object {
              "Action": Array [
                "s3:GetObject*",
                "s3:GetBucket*",
                "s3:List*",
              ],
              "Effect": "Allow",
              "Resource": Array [
                Object {
                  "Fn::Join": Array [
                    "",
                    Array [
                      "arn:",
                      Object {
                        "Ref": "AWS::Partition",
                      },
                      ":s3:::",
                      Object {
                        "Ref": "DistributionBucketName",
                      },
                    ],
                  ],
                },
                Object {
                  "Fn::Join": Array [
                    "",
                    Array [
                      "arn:",
                      Object {
                        "Ref": "AWS::Partition",
                      },
                      ":s3:::",
                      Object {
                        "Ref": "DistributionBucketName",
                      },
                      "/playground/PROD/cdk-playground-lambda/cdk-playground-lambda.zip",
                    ],
                  ],
                },
              ],
            },
            Object {
              "Action": "ssm:GetParametersByPath",
              "Effect": "Allow",
              "Resource": Object {
                "Fn::Join": Array [
                  "",
                  Array [
                    "arn:aws:ssm:eu-west-1:",
                    Object {
                      "Ref": "AWS::AccountId",
                    },
                    ":parameter/PROD/playground/cdk-playground-lambda",
                  ],
                ],
              },
            },
            Object {
              "Action": Array [
                "ssm:GetParameters",
                "ssm:GetParameter",
              ],
              "Effect": "Allow",
              "Resource": Object {
                "Fn::Join": Array [
                  "",
                  Array [
                    "arn:aws:ssm:eu-west-1:",
                    Object {
                      "Ref": "AWS::AccountId",
                    },
                    ":parameter/PROD/playground/cdk-playground-lambda/*",
                  ],
                ],
              },
            },
          ],
          "Version": "2012-10-17",
        },
        "PolicyName": "lambdaServiceRoleDefaultPolicyBF6FA5E7",
        "Roles": Array [
          Object {
            "Ref": "lambdaServiceRole494E4CA6",
          },
        ],
      },
      "Type": "AWS::IAM::Policy",
    },
    "lambdacdkplaygroundlambdaapi061BB942": Object {
      "Properties": Object {
        "Description": "cdk-playground-lambda",
        "Name": "playground-PROD-cdk-playground-lambda-api",
        "Tags": Array [
          Object {
            "Key": "App",
            "Value": "cdk-playground-lambda",
          },
          Object {
            "Key": "gu:cdk:version",
            "Value": "TEST",
          },
          Object {
            "Key": "gu:repo",
            "Value": "guardian/cdk-playground",
          },
          Object {
            "Key": "Stack",
            "Value": "playground",
          },
          Object {
            "Key": "Stage",
            "Value": "PROD",
          },
        ],
      },
      "Type": "AWS::ApiGateway::RestApi",
    },
    "lambdacdkplaygroundlambdaapiANY46D7365E": Object {
      "Properties": Object {
        "AuthorizationType": "NONE",
        "HttpMethod": "ANY",
        "Integration": Object {
          "IntegrationHttpMethod": "POST",
          "Type": "AWS_PROXY",
          "Uri": Object {
            "Fn::Join": Array [
              "",
              Array [
                "arn:",
                Object {
                  "Ref": "AWS::Partition",
                },
                ":apigateway:eu-west-1:lambda:path/2015-03-31/functions/",
                Object {
                  "Fn::GetAtt": Array [
                    "lambda8B5974B5",
                    "Arn",
                  ],
                },
                "/invocations",
              ],
            ],
          },
        },
        "ResourceId": Object {
          "Fn::GetAtt": Array [
            "lambdacdkplaygroundlambdaapi061BB942",
            "RootResourceId",
          ],
        },
        "RestApiId": Object {
          "Ref": "lambdacdkplaygroundlambdaapi061BB942",
        },
      },
      "Type": "AWS::ApiGateway::Method",
    },
    "lambdacdkplaygroundlambdaapiANYApiPermissionCdkPlaygroundlambdacdkplaygroundlambdaapiF2456CACANYCB19A7C3": Object {
      "Properties": Object {
        "Action": "lambda:InvokeFunction",
        "FunctionName": Object {
          "Fn::GetAtt": Array [
            "lambda8B5974B5",
            "Arn",
          ],
        },
        "Principal": "apigateway.amazonaws.com",
        "SourceArn": Object {
          "Fn::Join": Array [
            "",
            Array [
              "arn:",
              Object {
                "Ref": "AWS::Partition",
              },
              ":execute-api:eu-west-1:",
              Object {
                "Ref": "AWS::AccountId",
              },
              ":",
              Object {
                "Ref": "lambdacdkplaygroundlambdaapi061BB942",
              },
              "/",
              Object {
                "Ref": "lambdacdkplaygroundlambdaapiDeploymentStageprod4C07895E",
              },
              "/*/",
            ],
          ],
        },
      },
      "Type": "AWS::Lambda::Permission",
    },
    "lambdacdkplaygroundlambdaapiANYApiPermissionTestCdkPlaygroundlambdacdkplaygroundlambdaapiF2456CACANY3C082094": Object {
      "Properties": Object {
        "Action": "lambda:InvokeFunction",
        "FunctionName": Object {
          "Fn::GetAtt": Array [
            "lambda8B5974B5",
            "Arn",
          ],
        },
        "Principal": "apigateway.amazonaws.com",
        "SourceArn": Object {
          "Fn::Join": Array [
            "",
            Array [
              "arn:",
              Object {
                "Ref": "AWS::Partition",
              },
              ":execute-api:eu-west-1:",
              Object {
                "Ref": "AWS::AccountId",
              },
              ":",
              Object {
                "Ref": "lambdacdkplaygroundlambdaapi061BB942",
              },
              "/test-invoke-stage/*/",
            ],
          ],
        },
      },
      "Type": "AWS::Lambda::Permission",
    },
    "lambdacdkplaygroundlambdaapiAccount6891AB06": Object {
      "DeletionPolicy": "Retain",
      "DependsOn": Array [
        "lambdacdkplaygroundlambdaapi061BB942",
      ],
      "Properties": Object {
        "CloudWatchRoleArn": Object {
          "Fn::GetAtt": Array [
            "lambdacdkplaygroundlambdaapiCloudWatchRole4B1F446E",
            "Arn",
          ],
        },
      },
      "Type": "AWS::ApiGateway::Account",
      "UpdateReplacePolicy": "Retain",
    },
    "lambdacdkplaygroundlambdaapiCloudWatchRole4B1F446E": Object {
      "DeletionPolicy": "Retain",
      "Properties": Object {
        "AssumeRolePolicyDocument": Object {
          "Statement": Array [
            Object {
              "Action": "sts:AssumeRole",
              "Effect": "Allow",
              "Principal": Object {
                "Service": "apigateway.amazonaws.com",
              },
            },
          ],
          "Version": "2012-10-17",
        },
        "ManagedPolicyArns": Array [
          Object {
            "Fn::Join": Array [
              "",
              Array [
                "arn:",
                Object {
                  "Ref": "AWS::Partition",
                },
                ":iam::aws:policy/service-role/AmazonAPIGatewayPushToCloudWatchLogs",
              ],
            ],
          },
        ],
        "Tags": Array [
          Object {
            "Key": "App",
            "Value": "cdk-playground-lambda",
          },
          Object {
            "Key": "gu:cdk:version",
            "Value": "TEST",
          },
          Object {
            "Key": "gu:repo",
            "Value": "guardian/cdk-playground",
          },
          Object {
            "Key": "Stack",
            "Value": "playground",
          },
          Object {
            "Key": "Stage",
            "Value": "PROD",
          },
        ],
      },
      "Type": "AWS::IAM::Role",
      "UpdateReplacePolicy": "Retain",
    },
    "lambdacdkplaygroundlambdaapiDeployment157471B23507d885fa4f6f2bfbd1011b60b24ca1": Object {
      "DependsOn": Array [
        "lambdacdkplaygroundlambdaapiproxyANYDB984CB2",
        "lambdacdkplaygroundlambdaapiproxyFA4DE6D2",
        "lambdacdkplaygroundlambdaapiANY46D7365E",
      ],
      "Properties": Object {
        "Description": "cdk-playground-lambda",
        "RestApiId": Object {
          "Ref": "lambdacdkplaygroundlambdaapi061BB942",
        },
      },
      "Type": "AWS::ApiGateway::Deployment",
    },
    "lambdacdkplaygroundlambdaapiDeploymentStageprod4C07895E": Object {
      "DependsOn": Array [
        "lambdacdkplaygroundlambdaapiAccount6891AB06",
      ],
      "Properties": Object {
        "DeploymentId": Object {
          "Ref": "lambdacdkplaygroundlambdaapiDeployment157471B23507d885fa4f6f2bfbd1011b60b24ca1",
        },
        "RestApiId": Object {
          "Ref": "lambdacdkplaygroundlambdaapi061BB942",
        },
        "StageName": "prod",
        "Tags": Array [
          Object {
            "Key": "App",
            "Value": "cdk-playground-lambda",
          },
          Object {
            "Key": "gu:cdk:version",
            "Value": "TEST",
          },
          Object {
            "Key": "gu:repo",
            "Value": "guardian/cdk-playground",
          },
          Object {
            "Key": "Stack",
            "Value": "playground",
          },
          Object {
            "Key": "Stage",
            "Value": "PROD",
          },
        ],
      },
      "Type": "AWS::ApiGateway::Stage",
    },
    "lambdacdkplaygroundlambdaapidomainD1A8D46F": Object {
      "Properties": Object {
        "DomainName": "cdk-playground-lambda.gutools.co.uk",
        "EndpointConfiguration": Object {
          "Types": Array [
            "REGIONAL",
          ],
        },
        "RegionalCertificateArn": Object {
          "Ref": "CertificateCdkplaygroundlambda82D0BE4D",
        },
        "Tags": Array [
          Object {
            "Key": "App",
            "Value": "cdk-playground-lambda",
          },
          Object {
            "Key": "gu:cdk:version",
            "Value": "TEST",
          },
          Object {
            "Key": "gu:repo",
            "Value": "guardian/cdk-playground",
          },
          Object {
            "Key": "Stack",
            "Value": "playground",
          },
          Object {
            "Key": "Stage",
            "Value": "PROD",
          },
        ],
      },
      "Type": "AWS::ApiGateway::DomainName",
    },
    "lambdacdkplaygroundlambdaapidomainMapCdkPlaygroundlambdacdkplaygroundlambdaapiF2456CACD98B11F8": Object {
      "Properties": Object {
        "DomainName": Object {
          "Ref": "lambdacdkplaygroundlambdaapidomainD1A8D46F",
        },
        "RestApiId": Object {
          "Ref": "lambdacdkplaygroundlambdaapi061BB942",
        },
        "Stage": Object {
          "Ref": "lambdacdkplaygroundlambdaapiDeploymentStageprod4C07895E",
        },
      },
      "Type": "AWS::ApiGateway::BasePathMapping",
    },
    "lambdacdkplaygroundlambdaapiproxyANYApiPermissionCdkPlaygroundlambdacdkplaygroundlambdaapiF2456CACANYproxy2AA0C051": Object {
      "Properties": Object {
        "Action": "lambda:InvokeFunction",
        "FunctionName": Object {
          "Fn::GetAtt": Array [
            "lambda8B5974B5",
            "Arn",
          ],
        },
        "Principal": "apigateway.amazonaws.com",
        "SourceArn": Object {
          "Fn::Join": Array [
            "",
            Array [
              "arn:",
              Object {
                "Ref": "AWS::Partition",
              },
              ":execute-api:eu-west-1:",
              Object {
                "Ref": "AWS::AccountId",
              },
              ":",
              Object {
                "Ref": "lambdacdkplaygroundlambdaapi061BB942",
              },
              "/",
              Object {
                "Ref": "lambdacdkplaygroundlambdaapiDeploymentStageprod4C07895E",
              },
              "/*/*",
            ],
          ],
        },
      },
      "Type": "AWS::Lambda::Permission",
    },
    "lambdacdkplaygroundlambdaapiproxyANYApiPermissionTestCdkPlaygroundlambdacdkplaygroundlambdaapiF2456CACANYproxy5773F0A4": Object {
      "Properties": Object {
        "Action": "lambda:InvokeFunction",
        "FunctionName": Object {
          "Fn::GetAtt": Array [
            "lambda8B5974B5",
            "Arn",
          ],
        },
        "Principal": "apigateway.amazonaws.com",
        "SourceArn": Object {
          "Fn::Join": Array [
            "",
            Array [
              "arn:",
              Object {
                "Ref": "AWS::Partition",
              },
              ":execute-api:eu-west-1:",
              Object {
                "Ref": "AWS::AccountId",
              },
              ":",
              Object {
                "Ref": "lambdacdkplaygroundlambdaapi061BB942",
              },
              "/test-invoke-stage/*/*",
            ],
          ],
        },
      },
      "Type": "AWS::Lambda::Permission",
    },
    "lambdacdkplaygroundlambdaapiproxyANYDB984CB2": Object {
      "Properties": Object {
        "AuthorizationType": "NONE",
        "HttpMethod": "ANY",
        "Integration": Object {
          "IntegrationHttpMethod": "POST",
          "Type": "AWS_PROXY",
          "Uri": Object {
            "Fn::Join": Array [
              "",
              Array [
                "arn:",
                Object {
                  "Ref": "AWS::Partition",
                },
                ":apigateway:eu-west-1:lambda:path/2015-03-31/functions/",
                Object {
                  "Fn::GetAtt": Array [
                    "lambda8B5974B5",
                    "Arn",
                  ],
                },
                "/invocations",
              ],
            ],
          },
        },
        "ResourceId": Object {
          "Ref": "lambdacdkplaygroundlambdaapiproxyFA4DE6D2",
        },
        "RestApiId": Object {
          "Ref": "lambdacdkplaygroundlambdaapi061BB942",
        },
      },
      "Type": "AWS::ApiGateway::Method",
    },
    "lambdacdkplaygroundlambdaapiproxyFA4DE6D2": Object {
      "Properties": Object {
        "ParentId": Object {
          "Fn::GetAtt": Array [
            "lambdacdkplaygroundlambdaapi061BB942",
            "RootResourceId",
          ],
        },
        "PathPart": "{proxy+}",
        "RestApiId": Object {
          "Ref": "lambdacdkplaygroundlambdaapi061BB942",
        },
      },
      "Type": "AWS::ApiGateway::Resource",
    },
    "playgroundPRODcdkplayground7B64111F": Object {
      "DependsOn": Array [
        "InstanceRoleCdkplaygroundC280027A",
      ],
      "Properties": Object {
        "LaunchTemplateData": Object {
          "IamInstanceProfile": Object {
            "Arn": Object {
              "Fn::GetAtt": Array [
                "playgroundPRODcdkplaygroundProfile617BB4EE",
                "Arn",
              ],
            },
          },
          "ImageId": Object {
            "Ref": "AMICdkplayground",
          },
          "InstanceType": "t4g.micro",
          "MetadataOptions": Object {
            "HttpTokens": "required",
            "InstanceMetadataTags": "enabled",
          },
          "SecurityGroupIds": Array [
            Object {
              "Fn::GetAtt": Array [
                "GuHttpsEgressSecurityGroupCdkplaygroundAF9827C8",
                "GroupId",
              ],
            },
            Object {
              "Fn::GetAtt": Array [
                "WazuhSecurityGroup",
                "GroupId",
              ],
            },
          ],
          "TagSpecifications": Array [
            Object {
              "ResourceType": "instance",
              "Tags": Array [
                Object {
                  "Key": "App",
                  "Value": "cdk-playground",
                },
                Object {
                  "Key": "gu:build-identifier",
                  "Value": "TEST",
                },
                Object {
                  "Key": "gu:cdk:version",
                  "Value": "TEST",
                },
                Object {
                  "Key": "gu:repo",
                  "Value": "guardian/cdk-playground",
                },
                Object {
                  "Key": "Name",
                  "Value": "CdkPlayground/playground-PROD-cdk-playground",
                },
                Object {
                  "Key": "Stack",
                  "Value": "playground",
                },
                Object {
                  "Key": "Stage",
                  "Value": "PROD",
                },
              ],
            },
            Object {
              "ResourceType": "volume",
              "Tags": Array [
                Object {
                  "Key": "App",
                  "Value": "cdk-playground",
                },
                Object {
                  "Key": "gu:build-identifier",
                  "Value": "TEST",
                },
                Object {
                  "Key": "gu:cdk:version",
                  "Value": "TEST",
                },
                Object {
                  "Key": "gu:repo",
                  "Value": "guardian/cdk-playground",
                },
                Object {
                  "Key": "Name",
                  "Value": "CdkPlayground/playground-PROD-cdk-playground",
                },
                Object {
                  "Key": "Stack",
                  "Value": "playground",
                },
                Object {
                  "Key": "Stage",
                  "Value": "PROD",
                },
              ],
            },
          ],
          "UserData": Object {
            "Fn::Base64": Object {
              "Fn::Join": Array [
                "",
                Array [
                  "#!/bin/bash
function exitTrap(){
exitCode=$?

        cfn-signal --stack ",
                  Object {
                    "Ref": "AWS::StackId",
                  },
                  "           --resource AutoScalingGroupCdkplaygroundASGD6E49F0F           --region eu-west-1           --exit-code $exitCode || echo 'Failed to send Cloudformation Signal'
        
}
trap exitTrap EXIT
mkdir -p $(dirname '/cdk-playground/cdk-playground-TEST.deb')
aws s3 cp 's3://",
                  Object {
                    "Ref": "DistributionBucketName",
                  },
                  "/playground/PROD/cdk-playground/cdk-playground-TEST.deb' '/cdk-playground/cdk-playground-TEST.deb'
dpkg -i /cdk-playground/cdk-playground-TEST.deb
# GuEc2AppExperimental UserData Start

      TOKEN=$(curl -X PUT \\"http://169.254.169.254/latest/api/token\\" -H \\"X-aws-ec2-metadata-token-ttl-seconds: 21600\\")
      INSTANCE_ID=$(curl -H \\"X-aws-ec2-metadata-token: $TOKEN\\" \\"http://169.254.169.254/latest/meta-data/instance-id\\")

      STATE=$(aws elbv2 describe-target-health         --target-group-arn ",
                  Object {
                    "Ref": "TargetGroupCdkplayground7A453FC2",
                  },
                  "         --region eu-west-1         --targets Id=$INSTANCE_ID,Port=9000         --query \\"TargetHealthDescriptions[0].TargetHealth.State\\")

      until [ \\"$STATE\\" == \\"\\\\\\"healthy\\\\\\"\\" ]; do
        echo \\"Instance running build TEST not yet healthy within target group. Current state $STATE. Sleeping...\\"
        sleep 5
        STATE=$(aws elbv2 describe-target-health           --target-group-arn ",
                  Object {
                    "Ref": "TargetGroupCdkplayground7A453FC2",
                  },
                  "           --region eu-west-1           --targets Id=$INSTANCE_ID,Port=9000           --query \\"TargetHealthDescriptions[0].TargetHealth.State\\")
      done

      echo \\"Instance running build TEST is healthy in target group.\\"
      
# GuEc2AppExperimental UserData End",
                ],
              ],
            },
          },
        },
        "TagSpecifications": Array [
          Object {
            "ResourceType": "launch-template",
            "Tags": Array [
              Object {
                "Key": "App",
                "Value": "cdk-playground",
              },
              Object {
                "Key": "gu:build-identifier",
                "Value": "TEST",
              },
              Object {
                "Key": "gu:cdk:version",
                "Value": "TEST",
              },
              Object {
                "Key": "gu:repo",
                "Value": "guardian/cdk-playground",
              },
              Object {
                "Key": "Name",
                "Value": "CdkPlayground/playground-PROD-cdk-playground",
              },
              Object {
                "Key": "Stack",
                "Value": "playground",
              },
              Object {
                "Key": "Stage",
                "Value": "PROD",
              },
            ],
          },
        ],
      },
      "Type": "AWS::EC2::LaunchTemplate",
    },
    "playgroundPRODcdkplaygroundProfile617BB4EE": Object {
      "Properties": Object {
        "Roles": Array [
          Object {
            "Ref": "InstanceRoleCdkplaygroundC280027A",
          },
        ],
      },
      "Type": "AWS::IAM::InstanceProfile",
    },
  },
}
`;
