// Jest Snapshot v1, https://jestjs.io/docs/snapshot-testing

exports[`The Deploy stack matches the snapshot for CODE 1`] = `
{
  "Metadata": {
    "gu:cdk:constructs": [
      "GuParameter",
      "GuParameter",
      "GuVpcParameter",
      "GuCertificate",
      "GuHttpsEgressSecurityGroup",
      "GuParameterStoreReadPolicy",
      "GuCname",
    ],
    "gu:cdk:version": "TEST",
  },
  "Outputs": {
    "FargateServiceWithClusterLoadBalancerDNS13D5ADEE": {
      "Value": {
        "Fn::GetAtt": [
          "FargateServiceWithClusterLBC0F3A1A2",
          "DNSName",
        ],
      },
    },
    "FargateServiceWithClusterServiceURLA598AD71": {
      "Value": {
        "Fn::Join": [
          "",
          [
            "https://",
            {
              "Fn::GetAtt": [
                "FargateServiceWithClusterLBC0F3A1A2",
                "DNSName",
              ],
            },
          ],
        ],
      },
    },
  },
  "Parameters": {
    "VpcId": {
      "Default": "/account/vpc/primary/id",
      "Description": "Virtual Private Cloud to run EC2 instances within. Should NOT be the account default VPC.",
      "Type": "AWS::SSM::Parameter::Value<AWS::EC2::VPC::Id>",
    },
    "VpcPrivateSubnetsParam": {
      "Default": "/account/vpc/primary/subnets/private",
      "Type": "AWS::SSM::Parameter::Value<List<String>>",
    },
    "VpcPublicSubnetsParam": {
      "Default": "/account/vpc/primary/subnets/public",
      "Type": "AWS::SSM::Parameter::Value<List<String>>",
    },
  },
  "Resources": {
    "CertificateCdkplaygroundecsD6C69B43": {
      "DeletionPolicy": "Retain",
      "Properties": {
        "DomainName": "cdk-playground-ecs.code.dev-gutools.co.uk",
        "Tags": [
          {
            "Key": "App",
            "Value": "cdk-playground-ecs",
          },
          {
            "Key": "gu:cdk:version",
            "Value": "TEST",
          },
          {
            "Key": "gu:repo",
            "Value": "guardian/cdk-playground",
          },
          {
            "Key": "Name",
            "Value": "CdkPlayground-CODE/CertificateCdkplaygroundecs",
          },
          {
            "Key": "Stack",
            "Value": "deploy",
          },
          {
            "Key": "Stage",
            "Value": "CODE",
          },
        ],
        "ValidationMethod": "DNS",
      },
      "Type": "AWS::CertificateManager::Certificate",
      "UpdateReplacePolicy": "Retain",
    },
    "EcsDefaultClusterMnL3mNNYNVpc18E0451A": {
      "Properties": {
        "Tags": [
          {
            "Key": "gu:cdk:version",
            "Value": "TEST",
          },
          {
            "Key": "gu:repo",
            "Value": "guardian/cdk-playground",
          },
          {
            "Key": "Stack",
            "Value": "deploy",
          },
          {
            "Key": "Stage",
            "Value": "CODE",
          },
        ],
      },
      "Type": "AWS::ECS::Cluster",
    },
    "EcsDns": {
      "Properties": {
        "Name": "cdk-playground-ecs.code.dev-gutools.co.uk",
        "RecordType": "CNAME",
        "ResourceRecords": [
          {
            "Fn::GetAtt": [
              "FargateServiceWithClusterLBC0F3A1A2",
              "DNSName",
            ],
          },
        ],
        "Stage": "CODE",
        "TTL": 60,
      },
      "Type": "Guardian::DNS::RecordSet",
    },
    "FargateServiceWithClusterLBC0F3A1A2": {
      "Properties": {
        "LoadBalancerAttributes": [
          {
            "Key": "deletion_protection.enabled",
            "Value": "false",
          },
        ],
        "Scheme": "internet-facing",
        "SecurityGroups": [
          {
            "Fn::GetAtt": [
              "FargateServiceWithClusterLBSecurityGroupC2837562",
              "GroupId",
            ],
          },
        ],
        "Subnets": {
          "Ref": "VpcPublicSubnetsParam",
        },
        "Tags": [
          {
            "Key": "gu:cdk:version",
            "Value": "TEST",
          },
          {
            "Key": "gu:repo",
            "Value": "guardian/cdk-playground",
          },
          {
            "Key": "Stack",
            "Value": "deploy",
          },
          {
            "Key": "Stage",
            "Value": "CODE",
          },
        ],
        "Type": "application",
      },
      "Type": "AWS::ElasticLoadBalancingV2::LoadBalancer",
    },
    "FargateServiceWithClusterLBPublicListenerC7225768": {
      "Properties": {
        "Certificates": [
          {
            "CertificateArn": {
              "Ref": "CertificateCdkplaygroundecsD6C69B43",
            },
          },
        ],
        "DefaultActions": [
          {
            "TargetGroupArn": {
              "Ref": "FargateServiceWithClusterLBPublicListenerECSGroupC7B6A4A8",
            },
            "Type": "forward",
          },
        ],
        "LoadBalancerArn": {
          "Ref": "FargateServiceWithClusterLBC0F3A1A2",
        },
        "Port": 443,
        "Protocol": "HTTPS",
      },
      "Type": "AWS::ElasticLoadBalancingV2::Listener",
    },
    "FargateServiceWithClusterLBPublicListenerECSGroupC7B6A4A8": {
      "Properties": {
        "HealthCheckIntervalSeconds": 10,
        "HealthCheckPath": "/healthcheck",
        "HealthCheckTimeoutSeconds": 5,
        "HealthyThresholdCount": 5,
        "Port": 80,
        "Protocol": "HTTP",
        "Tags": [
          {
            "Key": "gu:cdk:version",
            "Value": "TEST",
          },
          {
            "Key": "gu:repo",
            "Value": "guardian/cdk-playground",
          },
          {
            "Key": "Stack",
            "Value": "deploy",
          },
          {
            "Key": "Stage",
            "Value": "CODE",
          },
        ],
        "TargetGroupAttributes": [
          {
            "Key": "stickiness.enabled",
            "Value": "false",
          },
        ],
        "TargetType": "ip",
        "UnhealthyThresholdCount": 2,
        "VpcId": {
          "Ref": "VpcId",
        },
      },
      "Type": "AWS::ElasticLoadBalancingV2::TargetGroup",
    },
    "FargateServiceWithClusterLBSecurityGroupC2837562": {
      "Properties": {
        "GroupDescription": "Automatically created Security Group for ELB CdkPlaygroundCODEFargateServiceWithClusterLB0054D6CB",
        "SecurityGroupIngress": [
          {
            "CidrIp": "0.0.0.0/0",
            "Description": "Allow from anyone on port 443",
            "FromPort": 443,
            "IpProtocol": "tcp",
            "ToPort": 443,
          },
        ],
        "Tags": [
          {
            "Key": "gu:cdk:version",
            "Value": "TEST",
          },
          {
            "Key": "gu:repo",
            "Value": "guardian/cdk-playground",
          },
          {
            "Key": "Stack",
            "Value": "deploy",
          },
          {
            "Key": "Stage",
            "Value": "CODE",
          },
        ],
        "VpcId": {
          "Ref": "VpcId",
        },
      },
      "Type": "AWS::EC2::SecurityGroup",
    },
    "FargateServiceWithClusterLBSecurityGrouptoCdkPlaygroundCODEGuHttpsEgressSecurityGroupCdkplaygroundecsA834682C90002EEA96AE": {
      "Properties": {
        "Description": "Load balancer to target",
        "DestinationSecurityGroupId": {
          "Fn::GetAtt": [
            "GuHttpsEgressSecurityGroupCdkplaygroundecs59F0C490",
            "GroupId",
          ],
        },
        "FromPort": 9000,
        "GroupId": {
          "Fn::GetAtt": [
            "FargateServiceWithClusterLBSecurityGroupC2837562",
            "GroupId",
          ],
        },
        "IpProtocol": "tcp",
        "ToPort": 9000,
      },
      "Type": "AWS::EC2::SecurityGroupEgress",
    },
    "FargateServiceWithClusterServiceEC3A63FF": {
      "DependsOn": [
        "FargateServiceWithClusterLBPublicListenerECSGroupC7B6A4A8",
        "FargateServiceWithClusterLBPublicListenerC7225768",
        "FargateServiceWithClusterTaskDefTaskRole6DACF8B7",
      ],
      "Properties": {
        "Cluster": {
          "Ref": "EcsDefaultClusterMnL3mNNYNVpc18E0451A",
        },
        "DeploymentConfiguration": {
          "Alarms": {
            "AlarmNames": [],
            "Enable": false,
            "Rollback": false,
          },
          "MaximumPercent": 200,
          "MinimumHealthyPercent": 50,
        },
        "DesiredCount": 3,
        "EnableECSManagedTags": false,
        "HealthCheckGracePeriodSeconds": 60,
        "LaunchType": "FARGATE",
        "LoadBalancers": [
          {
            "ContainerName": "cdk-playground",
            "ContainerPort": 9000,
            "TargetGroupArn": {
              "Ref": "FargateServiceWithClusterLBPublicListenerECSGroupC7B6A4A8",
            },
          },
        ],
        "NetworkConfiguration": {
          "AwsvpcConfiguration": {
            "AssignPublicIp": "DISABLED",
            "SecurityGroups": [
              {
                "Fn::GetAtt": [
                  "GuHttpsEgressSecurityGroupCdkplaygroundecs59F0C490",
                  "GroupId",
                ],
              },
            ],
            "Subnets": {
              "Ref": "VpcPrivateSubnetsParam",
            },
          },
        },
        "Tags": [
          {
            "Key": "gu:cdk:version",
            "Value": "TEST",
          },
          {
            "Key": "gu:repo",
            "Value": "guardian/cdk-playground",
          },
          {
            "Key": "Stack",
            "Value": "deploy",
          },
          {
            "Key": "Stage",
            "Value": "CODE",
          },
        ],
        "TaskDefinition": {
          "Ref": "FargateServiceWithClusterTaskDefADD1A9C3",
        },
      },
      "Type": "AWS::ECS::Service",
    },
    "FargateServiceWithClusterTaskDefADD1A9C3": {
      "Properties": {
        "ContainerDefinitions": [
          {
            "Essential": true,
            "Image": {
              "Fn::Join": [
                "",
                [
                  {
                    "Ref": "AWS::AccountId",
                  },
                  ".dkr.ecr.eu-west-1.",
                  {
                    "Ref": "AWS::URLSuffix",
                  },
                  "/guardian/cdk-playground:build-TEST",
                ],
              ],
            },
            "LogConfiguration": {
              "LogDriver": "awslogs",
              "Options": {
                "awslogs-group": {
                  "Ref": "FargateServiceWithClusterTaskDefcdkplaygroundLogGroup4AEF846A",
                },
                "awslogs-region": "eu-west-1",
                "awslogs-stream-prefix": "FargateServiceWithCluster",
              },
            },
            "Name": "cdk-playground",
            "PortMappings": [
              {
                "ContainerPort": 9000,
                "Protocol": "tcp",
              },
            ],
          },
        ],
        "Cpu": "256",
        "ExecutionRoleArn": {
          "Fn::GetAtt": [
            "FargateServiceWithClusterTaskDefExecutionRole4ED71D3B",
            "Arn",
          ],
        },
        "Family": "CdkPlaygroundCODEFargateServiceWithClusterTaskDef754180B4",
        "Memory": "512",
        "NetworkMode": "awsvpc",
        "RequiresCompatibilities": [
          "FARGATE",
        ],
        "Tags": [
          {
            "Key": "gu:cdk:version",
            "Value": "TEST",
          },
          {
            "Key": "gu:repo",
            "Value": "guardian/cdk-playground",
          },
          {
            "Key": "Stack",
            "Value": "deploy",
          },
          {
            "Key": "Stage",
            "Value": "CODE",
          },
        ],
        "TaskRoleArn": {
          "Fn::GetAtt": [
            "FargateServiceWithClusterTaskDefTaskRole6DACF8B7",
            "Arn",
          ],
        },
      },
      "Type": "AWS::ECS::TaskDefinition",
    },
    "FargateServiceWithClusterTaskDefExecutionRole4ED71D3B": {
      "Properties": {
        "AssumeRolePolicyDocument": {
          "Statement": [
            {
              "Action": "sts:AssumeRole",
              "Effect": "Allow",
              "Principal": {
                "Service": "ecs-tasks.amazonaws.com",
              },
            },
          ],
          "Version": "2012-10-17",
        },
        "Tags": [
          {
            "Key": "gu:cdk:version",
            "Value": "TEST",
          },
          {
            "Key": "gu:repo",
            "Value": "guardian/cdk-playground",
          },
          {
            "Key": "Stack",
            "Value": "deploy",
          },
          {
            "Key": "Stage",
            "Value": "CODE",
          },
        ],
      },
      "Type": "AWS::IAM::Role",
    },
    "FargateServiceWithClusterTaskDefExecutionRoleDefaultPolicy390D6692": {
      "Properties": {
        "PolicyDocument": {
          "Statement": [
            {
              "Action": [
                "ecr:BatchCheckLayerAvailability",
                "ecr:GetDownloadUrlForLayer",
                "ecr:BatchGetImage",
              ],
              "Effect": "Allow",
              "Resource": {
                "Fn::Join": [
                  "",
                  [
                    "arn:",
                    {
                      "Ref": "AWS::Partition",
                    },
                    ":ecr:eu-west-1:",
                    {
                      "Ref": "AWS::AccountId",
                    },
                    ":repository/guardian/cdk-playground",
                  ],
                ],
              },
            },
            {
              "Action": "ecr:GetAuthorizationToken",
              "Effect": "Allow",
              "Resource": "*",
            },
            {
              "Action": [
                "logs:CreateLogStream",
                "logs:PutLogEvents",
              ],
              "Effect": "Allow",
              "Resource": {
                "Fn::GetAtt": [
                  "FargateServiceWithClusterTaskDefcdkplaygroundLogGroup4AEF846A",
                  "Arn",
                ],
              },
            },
          ],
          "Version": "2012-10-17",
        },
        "PolicyName": "FargateServiceWithClusterTaskDefExecutionRoleDefaultPolicy390D6692",
        "Roles": [
          {
            "Ref": "FargateServiceWithClusterTaskDefExecutionRole4ED71D3B",
          },
        ],
      },
      "Type": "AWS::IAM::Policy",
    },
    "FargateServiceWithClusterTaskDefTaskRole6DACF8B7": {
      "Properties": {
        "AssumeRolePolicyDocument": {
          "Statement": [
            {
              "Action": "sts:AssumeRole",
              "Effect": "Allow",
              "Principal": {
                "Service": "ecs-tasks.amazonaws.com",
              },
            },
          ],
          "Version": "2012-10-17",
        },
        "Tags": [
          {
            "Key": "gu:cdk:version",
            "Value": "TEST",
          },
          {
            "Key": "gu:repo",
            "Value": "guardian/cdk-playground",
          },
          {
            "Key": "Stack",
            "Value": "deploy",
          },
          {
            "Key": "Stage",
            "Value": "CODE",
          },
        ],
      },
      "Type": "AWS::IAM::Role",
    },
    "FargateServiceWithClusterTaskDefcdkplaygroundLogGroup4AEF846A": {
      "DeletionPolicy": "Retain",
      "Properties": {
        "Tags": [
          {
            "Key": "gu:cdk:version",
            "Value": "TEST",
          },
          {
            "Key": "gu:repo",
            "Value": "guardian/cdk-playground",
          },
          {
            "Key": "Stack",
            "Value": "deploy",
          },
          {
            "Key": "Stage",
            "Value": "CODE",
          },
        ],
      },
      "Type": "AWS::Logs::LogGroup",
      "UpdateReplacePolicy": "Retain",
    },
    "GuHttpsEgressSecurityGroupCdkplaygroundecs59F0C490": {
      "Properties": {
        "GroupDescription": "Allow all outbound HTTPS traffic",
        "SecurityGroupEgress": [
          {
            "CidrIp": "0.0.0.0/0",
            "Description": "Allow all outbound HTTPS traffic",
            "FromPort": 443,
            "IpProtocol": "tcp",
            "ToPort": 443,
          },
        ],
        "Tags": [
          {
            "Key": "App",
            "Value": "cdk-playground-ecs",
          },
          {
            "Key": "gu:cdk:version",
            "Value": "TEST",
          },
          {
            "Key": "gu:repo",
            "Value": "guardian/cdk-playground",
          },
          {
            "Key": "Stack",
            "Value": "deploy",
          },
          {
            "Key": "Stage",
            "Value": "CODE",
          },
        ],
        "VpcId": {
          "Ref": "VpcId",
        },
      },
      "Type": "AWS::EC2::SecurityGroup",
    },
    "GuHttpsEgressSecurityGroupCdkplaygroundecsfromCdkPlaygroundCODEFargateServiceWithClusterLBSecurityGroup8854CFAF9000045A2181": {
      "Properties": {
        "Description": "Load balancer to target",
        "FromPort": 9000,
        "GroupId": {
          "Fn::GetAtt": [
            "GuHttpsEgressSecurityGroupCdkplaygroundecs59F0C490",
            "GroupId",
          ],
        },
        "IpProtocol": "tcp",
        "SourceSecurityGroupId": {
          "Fn::GetAtt": [
            "FargateServiceWithClusterLBSecurityGroupC2837562",
            "GroupId",
          ],
        },
        "ToPort": 9000,
      },
      "Type": "AWS::EC2::SecurityGroupIngress",
    },
    "ParameterStoreReadCdkplaygroundecsB1E187C6": {
      "Properties": {
        "PolicyDocument": {
          "Statement": [
            {
              "Action": "ssm:GetParametersByPath",
              "Effect": "Allow",
              "Resource": {
                "Fn::Join": [
                  "",
                  [
                    "arn:aws:ssm:eu-west-1:",
                    {
                      "Ref": "AWS::AccountId",
                    },
                    ":parameter/CODE/deploy/cdk-playground-ecs",
                  ],
                ],
              },
            },
            {
              "Action": [
                "ssm:GetParameters",
                "ssm:GetParameter",
              ],
              "Effect": "Allow",
              "Resource": {
                "Fn::Join": [
                  "",
                  [
                    "arn:aws:ssm:eu-west-1:",
                    {
                      "Ref": "AWS::AccountId",
                    },
                    ":parameter/CODE/deploy/cdk-playground-ecs/*",
                  ],
                ],
              },
            },
          ],
          "Version": "2012-10-17",
        },
        "PolicyName": "parameter-store-read-policy",
        "Roles": [
          {
            "Ref": "FargateServiceWithClusterTaskDefTaskRole6DACF8B7",
          },
        ],
      },
      "Type": "AWS::IAM::Policy",
    },
  },
}
`;
