// Jest Snapshot v1, https://jestjs.io/docs/snapshot-testing

exports[`The cdk-playground ECR stack creates an ECR repository and repository-scoped GitHub Actions role 1`] = `
{
  "Metadata": {
    "gu:cdk:constructs": [
      "GuInfraStackExperimental",
      "GuPolicy",
      "GuGithubActionsRole",
    ],
    "gu:cdk:version": "TEST",
  },
  "Outputs": {
    "GithubActionsRoleGithubActionsRoleArnC13D9654": {
      "Value": {
        "Fn::GetAtt": [
          "GithubActionsRoleF5CC769F",
          "Arn",
        ],
      },
    },
  },
  "Resources": {
    "GithubActionsRoleDefaultPolicy490FA883": {
      "Properties": {
        "PolicyDocument": {
          "Statement": [
            {
              "Action": [
                "ecr:BatchCheckLayerAvailability",
                "ecr:GetDownloadUrlForLayer",
                "ecr:BatchGetImage",
                "ecr:CompleteLayerUpload",
                "ecr:UploadLayerPart",
                "ecr:InitiateLayerUpload",
                "ecr:PutImage",
              ],
              "Effect": "Allow",
              "Resource": {
                "Fn::GetAtt": [
                  "PageRunnerRepository95AA8367",
                  "Arn",
                ],
              },
            },
            {
              "Action": "ecr:GetAuthorizationToken",
              "Effect": "Allow",
              "Resource": "*",
            },
          ],
          "Version": "2012-10-17",
        },
        "PolicyName": "GithubActionsRoleDefaultPolicy490FA883",
        "Roles": [
          {
            "Ref": "GithubActionsRoleF5CC769F",
          },
        ],
      },
      "Type": "AWS::IAM::Policy",
    },
    "GithubActionsRoleF5CC769F": {
      "Properties": {
        "AssumeRolePolicyDocument": {
          "Statement": [
            {
              "Action": "sts:AssumeRoleWithWebIdentity",
              "Condition": {
                "StringLike": {
                  "token.actions.githubusercontent.com:sub": "repo:guardian@164318/cdk-playground@361767568:*",
                },
              },
              "Effect": "Allow",
              "Principal": {
                "Federated": {
                  "Fn::Join": [
                    "",
                    [
                      "arn:aws:iam::",
                      {
                        "Ref": "AWS::AccountId",
                      },
                      ":oidc-provider/token.actions.githubusercontent.com",
                    ],
                  ],
                },
              },
            },
          ],
          "Version": "2012-10-17",
        },
        "Tags": [
          {
            "Key": "App",
            "Value": "cdk-playground",
          },
          {
            "Key": "gu:cdk:version",
            "Value": "TEST",
          },
          {
            "Key": "gu:repo",
            "Value": "guardian/cdk-playground",
          },
          {
            "Key": "gu:riff-raff:project",
            "Value": "devx::cdk-playground",
          },
          {
            "Key": "Stack",
            "Value": "deploy",
          },
          {
            "Key": "Stage",
            "Value": "CODE",
          },
        ],
      },
      "Type": "AWS::IAM::Role",
    },
    "PageRunnerRepository95AA8367": {
      "DeletionPolicy": "Retain",
      "Properties": {
        "ImageScanningConfiguration": {
          "ScanOnPush": true,
        },
        "ImageTagMutability": "MUTABLE",
        "RepositoryName": "guardian/cdk-playground/cdk-playground",
        "RepositoryPolicyText": {
          "Statement": [
            {
              "Action": [
                "ecr:BatchCheckLayerAvailability",
                "ecr:BatchGetImage",
                "ecr:GetDownloadUrlForLayer",
              ],
              "Condition": {
                "StringEquals": {
                  "aws:PrincipalOrgID": "o-733s9vnx22",
                },
              },
              "Effect": "Allow",
              "Principal": {
                "AWS": "*",
              },
              "Sid": "AllowOrganisationPull",
            },
          ],
          "Version": "2012-10-17",
        },
        "Tags": [
          {
            "Key": "App",
            "Value": "cdk-playground",
          },
          {
            "Key": "gu:cdk:version",
            "Value": "TEST",
          },
          {
            "Key": "gu:repo",
            "Value": "guardian/cdk-playground",
          },
          {
            "Key": "gu:riff-raff:project",
            "Value": "devx::cdk-playground",
          },
          {
            "Key": "Stack",
            "Value": "deploy",
          },
          {
            "Key": "Stage",
            "Value": "CODE",
          },
        ],
      },
      "Type": "AWS::ECR::Repository",
      "UpdateReplacePolicy": "Retain",
    },
    "PullFromOrganisationRepositoriesD6498C4C": {
      "Properties": {
        "PolicyDocument": {
          "Statement": [
            {
              "Action": "ecr:GetAuthorizationToken",
              "Effect": "Allow",
              "Resource": "*",
            },
            {
              "Action": [
                "ecr:BatchCheckLayerAvailability",
                "ecr:BatchGetImage",
                "ecr:GetDownloadUrlForLayer",
              ],
              "Effect": "Allow",
              "Resource": "arn:aws:ecr:*:*:repository/*",
            },
          ],
          "Version": "2012-10-17",
        },
        "PolicyName": "PullFromOrganisationRepositoriesD6498C4C",
        "Roles": [
          {
            "Ref": "GithubActionsRoleF5CC769F",
          },
        ],
      },
      "Type": "AWS::IAM::Policy",
    },
  },
}
`;
