// Jest Snapshot v1, https://goo.gl/fbAQLP

exports[`The EventForwarder stack matches the snapshot 1`] = `
{
  "Metadata": {
    "gu:cdk:constructs": [
      "GuDistributionBucketParameter",
      "GuLambdaFunction",
    ],
    "gu:cdk:version": "TEST",
  },
  "Parameters": {
    "DistributionBucketName": {
      "Default": "/account/services/artifact.bucket",
      "Description": "SSM parameter containing the S3 bucket name holding distribution artifacts",
      "Type": "AWS::SSM::Parameter::Value<String>",
    },
  },
  "Resources": {
    "AutoscalingGroupEventForwarderRuleAllowEventRuleEventForwarderEventForwarderLambda8BE949E1FC259E1D": {
      "Properties": {
        "Action": "lambda:InvokeFunction",
        "FunctionName": {
          "Fn::GetAtt": [
            "EventForwarderLambda9F6516CF",
            "Arn",
          ],
        },
        "Principal": "events.amazonaws.com",
        "SourceArn": {
          "Fn::GetAtt": [
            "AutoscalingGroupEventForwarderRuleE7A6B6BF",
            "Arn",
          ],
        },
      },
      "Type": "AWS::Lambda::Permission",
    },
    "AutoscalingGroupEventForwarderRuleE7A6B6BF": {
      "Properties": {
        "EventPattern": {
          "detail": {
            "AutoScalingGroupName": [
              {
                "wildcard": "playground-PROD-cdk-playground-*",
              },
            ],
          },
          "source": [
            "aws.autoscaling",
          ],
        },
        "State": "ENABLED",
        "Targets": [
          {
            "Arn": {
              "Fn::GetAtt": [
                "EventForwarderLambda9F6516CF",
                "Arn",
              ],
            },
            "Id": "Target0",
          },
        ],
      },
      "Type": "AWS::Events::Rule",
    },
    "CloudformationEventForwarderRuleAllowEventRuleEventForwarderEventForwarderLambda8BE949E112AE976F": {
      "Properties": {
        "Action": "lambda:InvokeFunction",
        "FunctionName": {
          "Fn::GetAtt": [
            "EventForwarderLambda9F6516CF",
            "Arn",
          ],
        },
        "Principal": "events.amazonaws.com",
        "SourceArn": {
          "Fn::GetAtt": [
            "CloudformationEventForwarderRuleD95AAF62",
            "Arn",
          ],
        },
      },
      "Type": "AWS::Lambda::Permission",
    },
    "CloudformationEventForwarderRuleD95AAF62": {
      "Properties": {
        "EventPattern": {
          "detail": {
            "stack-id": [
              {
                "wildcard": {
                  "Fn::Join": [
                    "",
                    [
                      "arn:aws:cloudformation:eu-west-1:",
                      {
                        "Ref": "AWS::AccountId",
                      },
                      ":stack/playground-PROD-cdk-playground*",
                    ],
                  ],
                },
              },
            ],
          },
          "detail-type": [
            "CloudFormation Resource Status Change",
          ],
          "source": [
            "aws.cloudformation",
          ],
        },
        "State": "ENABLED",
        "Targets": [
          {
            "Arn": {
              "Fn::GetAtt": [
                "EventForwarderLambda9F6516CF",
                "Arn",
              ],
            },
            "Id": "Target0",
          },
        ],
      },
      "Type": "AWS::Events::Rule",
    },
    "EventForwarderLambda9F6516CF": {
      "DependsOn": [
        "EventForwarderLambdaServiceRoleDefaultPolicy5D01F634",
        "EventForwarderLambdaServiceRole25D27763",
      ],
      "Properties": {
        "Code": {
          "S3Bucket": {
            "Ref": "DistributionBucketName",
          },
          "S3Key": "playground/PROD/event-forwarder/event-forwarder.zip",
        },
        "Environment": {
          "Variables": {
            "APP": "event-forwarder",
            "STACK": "playground",
            "STAGE": "PROD",
          },
        },
        "Handler": "index.main",
        "LoggingConfig": {
          "LogFormat": "Text",
        },
        "MemorySize": 512,
        "Role": {
          "Fn::GetAtt": [
            "EventForwarderLambdaServiceRole25D27763",
            "Arn",
          ],
        },
        "Runtime": "nodejs20.x",
        "Tags": [
          {
            "Key": "App",
            "Value": "event-forwarder",
          },
          {
            "Key": "gu:cdk:version",
            "Value": "TEST",
          },
          {
            "Key": "gu:repo",
            "Value": "guardian/cdk-playground",
          },
          {
            "Key": "Stack",
            "Value": "playground",
          },
          {
            "Key": "Stage",
            "Value": "PROD",
          },
        ],
        "Timeout": 30,
      },
      "Type": "AWS::Lambda::Function",
    },
    "EventForwarderLambdaServiceRole25D27763": {
      "Properties": {
        "AssumeRolePolicyDocument": {
          "Statement": [
            {
              "Action": "sts:AssumeRole",
              "Effect": "Allow",
              "Principal": {
                "Service": "lambda.amazonaws.com",
              },
            },
          ],
          "Version": "2012-10-17",
        },
        "ManagedPolicyArns": [
          {
            "Fn::Join": [
              "",
              [
                "arn:",
                {
                  "Ref": "AWS::Partition",
                },
                ":iam::aws:policy/service-role/AWSLambdaBasicExecutionRole",
              ],
            ],
          },
        ],
        "Tags": [
          {
            "Key": "App",
            "Value": "event-forwarder",
          },
          {
            "Key": "gu:cdk:version",
            "Value": "TEST",
          },
          {
            "Key": "gu:repo",
            "Value": "guardian/cdk-playground",
          },
          {
            "Key": "Stack",
            "Value": "playground",
          },
          {
            "Key": "Stage",
            "Value": "PROD",
          },
        ],
      },
      "Type": "AWS::IAM::Role",
    },
    "EventForwarderLambdaServiceRoleDefaultPolicy5D01F634": {
      "Properties": {
        "PolicyDocument": {
          "Statement": [
            {
              "Action": [
                "s3:GetObject*",
                "s3:GetBucket*",
                "s3:List*",
              ],
              "Effect": "Allow",
              "Resource": [
                {
                  "Fn::Join": [
                    "",
                    [
                      "arn:",
                      {
                        "Ref": "AWS::Partition",
                      },
                      ":s3:::",
                      {
                        "Ref": "DistributionBucketName",
                      },
                    ],
                  ],
                },
                {
                  "Fn::Join": [
                    "",
                    [
                      "arn:",
                      {
                        "Ref": "AWS::Partition",
                      },
                      ":s3:::",
                      {
                        "Ref": "DistributionBucketName",
                      },
                      "/playground/PROD/event-forwarder/event-forwarder.zip",
                    ],
                  ],
                },
              ],
            },
            {
              "Action": "ssm:GetParametersByPath",
              "Effect": "Allow",
              "Resource": {
                "Fn::Join": [
                  "",
                  [
                    "arn:aws:ssm:eu-west-1:",
                    {
                      "Ref": "AWS::AccountId",
                    },
                    ":parameter/PROD/playground/event-forwarder",
                  ],
                ],
              },
            },
            {
              "Action": [
                "ssm:GetParameters",
                "ssm:GetParameter",
              ],
              "Effect": "Allow",
              "Resource": {
                "Fn::Join": [
                  "",
                  [
                    "arn:aws:ssm:eu-west-1:",
                    {
                      "Ref": "AWS::AccountId",
                    },
                    ":parameter/PROD/playground/event-forwarder/*",
                  ],
                ],
              },
            },
            {
              "Action": "autoscaling:DescribeAutoScalingGroups",
              "Effect": "Allow",
              "Resource": "*",
            },
          ],
          "Version": "2012-10-17",
        },
        "PolicyName": "EventForwarderLambdaServiceRoleDefaultPolicy5D01F634",
        "Roles": [
          {
            "Ref": "EventForwarderLambdaServiceRole25D27763",
          },
        ],
      },
      "Type": "AWS::IAM::Policy",
    },
  },
}
`;
